Testing for: isgostage@gmail.com
Extracted Token: 23b486dac567922e5a3ad43406dde78fc8a71941139b3908836db271
Verify WITH email Status: 400
Verify WITH email Body: {"code":400,"error_code":"validation_failed","msg":"Only the token_hash and type should be provided"}
Verify WITHOUT email Status: 200
Verify WITHOUT email Body: {"access_token":"eyJhbGciOiJFUzI1NiIsImtpZCI6Ijc2MTEyZDJlLTdlOTMtNDI4Zi1iOTk4LWRkNzZhZGZlYWM4MyIsInR5cCI6IkpXVCJ9.eyJpc3MiOiJodHRwczovL2xxd2VzbGpyZWp0enJjZmpwZXN2LnN1cGFiYXNlLmNvL2F1dGgvdjEiLCJzdWIiOiIxMDgxZTY2Ny05MzdkLTRhYWEtYjQ1NC1lNjM2NjRjYzAzYmIiLCJhdWQiOiJhdXRoZW50aWNhdGVkIiwiZXhwIjoxNzcyMDE1MzYzLCJpYXQiOjE3NzIwMTE3NjMsImVtYWlsIjoiaXNnb3N0YWdlQGdtYWlsLmNvbSIsInBob25lIjoiIiwiYXBwX21ldGFkYXRhIjp7InByb3ZpZGVyIjoiZW1haWwiLCJwcm92aWRlcnMiOlsiZW1haWwiXX0sInVzZXJfbWV0YWRhdGEiOnsiZW1haWxfdmVyaWZpZWQiOnRydWUsImZpcnN0X25hbWUiOiJKZWFuIiwibGFzdF9uYW1lIjoiRHVwb250In0sInJvbGUiOiJhdXRoZW50aWNhdGVkIiwiYWFsIjoiYWFsMSIsImFtciI6W3sibWV0aG9kIjoib3RwIiwidGltZXN0YW1wIjoxNzcyMDExNzYzfV0sInNlc3Npb25faWQiOiJhNTNmZDNkOC04NjllLTRkMTktYTkxZi1hY2VkYzA0Mzg4YWUiLCJpc19hbm9ueW1vdXMiOmZhbHNlfQ.8kR4xg0zedtpUErMQKG3z72Q6sqn1FUemEA60nVPILgtHIb9CpE5HTzZ5nd9eWn-AnwKdfXEQZYoZw-6YzPdXg","token_type":"bearer","expires_in":3600,"expires_at":1772015363,"refresh_token":"fspvu54ylh4b","user":{"id":"1081e667-937d-4aaa-b454-e63664cc03bb","aud":"authenticated","role":"authenticated","email":"isgostage@gmail.com","email_confirmed_at":"2026-02-23T12:24:54.814984Z","phone":"","confirmed_at":"2026-02-23T12:24:54.814984Z","recovery_sent_at":"2026-02-25T09:29:22.376579Z","last_sign_in_at":"2026-02-25T09:29:23.671697638Z","app_metadata":{"provider":"email","providers":["email"]},"user_metadata":{"email_verified":true,"first_name":"Jean","last_name":"Dupont"},"identities":[{"identity_id":"78c3c24e-904d-4527-a7b6-78b55539a367","id":"1081e667-937d-4aaa-b454-e63664cc03bb","user_id":"1081e667-937d-4aaa-b454-e63664cc03bb","identity_data":{"email":"isgostage@gmail.com","email_verified":false,"phone_verified":false,"sub":"1081e667-937d-4aaa-b454-e63664cc03bb"},"provider":"email","last_sign_in_at":"2026-02-23T12:24:54.810071Z","created_at":"2026-02-23T12:24:54.810131Z","updated_at":"2026-02-23T12:24:54.810131Z","email":"isgostage@gmail.com"}],"created_at":"2026-02-23T12:24:54.790858Z","updated_at":"2026-02-25T09:29:23.673609Z","is_anonymous":false}}
